main.c:141:6:Rotate_Motor	16	static
main.c:161:6:Rotate_Servo	16	static
main.c:176:6:Move_Button	24	static
main.c:230:6:Drive	24	static
main.c:252:6:HAL_UART_RxCpltCallback	16	static
main.c:276:5:main	16	static
main.c:384:6:SystemClock_Config	80	static
main.c:425:13:MX_TIM1_Init	96	static
main.c:508:13:MX_TIM2_Init	32	static
main.c:553:13:MX_TIM3_Init	64	static
main.c:612:13:MX_TIM8_Init	96	static
main.c:699:13:MX_TIM12_Init	56	static
main.c:751:13:MX_USART2_UART_Init	8	static
main.c:784:13:MX_USART3_UART_Init	8	static
main.c:817:13:MX_GPIO_Init	48	static
main.c:846:6:Error_Handler	4	static,ignoring_inline_asm
