main.c:144:6:Rotate_Motor	16	static
main.c:164:6:Rotate_Servo	16	static
main.c:181:6:Move_Button	32	static
main.c:243:6:Drive	24	static
main.c:266:6:HAL_UART_RxCpltCallback	16	static
main.c:292:5:main	16	static
main.c:421:6:SystemClock_Config	80	static
main.c:462:13:MX_TIM1_Init	96	static
main.c:545:13:MX_TIM2_Init	32	static
main.c:590:13:MX_TIM3_Init	64	static
main.c:649:13:MX_TIM8_Init	96	static
main.c:736:13:MX_TIM12_Init	56	static
main.c:788:13:MX_USART2_UART_Init	8	static
main.c:821:13:MX_USART3_UART_Init	8	static
main.c:854:13:MX_GPIO_Init	48	static
main.c:883:6:Error_Handler	4	static,ignoring_inline_asm
